// Jest Snapshot v1, https://goo.gl/fbAQLP

exports[`should render ExpensDashboardPage correctly 1`] = `
<div>
  <[object Object]
    to="/edit/undefined"
  >
    <h3 />
  </[object Object]>
  <p>
    $0.00
    -
    January 1st, 1970
  </p>
</div>
`;
