// Jest Snapshot v1, https://goo.gl/fbAQLP

exports[`Should render ExpenseList with expense 1`] = `
<div>
  <ExpenseListItem
    amount={195}
    createdAt={0}
    description="Gum"
    id="1"
    key="1"
    note=""
  />
  <ExpenseListItem
    amount={109500}
    createdAt={-345600000}
    description="Rent"
    id="2"
    key="2"
    note=""
  />
  <ExpenseListItem
    amount={4500}
    createdAt={345600000}
    description="Credit Card"
    id="3"
    key="3"
    note=""
  />
  <h1>
    Expense List
  </h1>
</div>
`;

exports[`Should render ExpenseList without expense 1`] = `
<div>
  <p>
    No expenses
  </p>
  <h1>
    Expense List
  </h1>
</div>
`;
