// Jest Snapshot v1, https://goo.gl/fbAQLP

exports[`Should render Header correctly 1`] = `
<header>
  <h1>
    Expensify
  </h1>
  <[object Object]
    activeClassName="is-active"
    to="/dashboard"
  >
     Dashboaed
  </[object Object]>
  <[object Object]
    activeClassName="is-active"
    to="/create"
  >
     Create Expense
  </[object Object]>
  <button
    onClick={[Function]}
  >
    Logout
  </button>
</header>
`;
