// Jest Snapshot v1, https://goo.gl/fbAQLP

exports[`should render NotFoundPage correctly 1`] = `
<div>
  <[object Object]
    to="/edit/undefined"
  >
    <h3 />
  </[object Object]>
  <p>
     - 
  </p>
</div>
`;
